[19:19:20260516,130821.140651:ERROR socket.cc:45] setsockopt: Operation not permitted (1)
INFO         | Android emulator version 36.5.11.0 (build_id 15261927) (CL:N/A)
INFO         | Graphics backend: gfxstream
WARNING      | Deleting /home/pjasicek/.android/avd/../avd/openyamm_api35.avd/bootcompleted.ini failed
WARNING      | Deleting /home/pjasicek/.android/avd/../avd/openyamm_api35.avd/snapshot.trace failed
INFO         | Found systemPath /home/pjasicek/android-sdk/system-images/android-35/google_apis/x86_64/
[19:19:20260516,130821.201251:ERROR socket.cc:45] setsockopt: Operation not permitted (1)
INFO         | Increasing RAM size to 2048MB
INFO         | Guest GLES Driver: Auto (ext controls)
WARNING      | Downloaded protobuf file is corrupt.
WARNING      | Your GPU drivers may have a bug. Switching to software rendering.
INFO         | emuglConfig_init: vulkan_mode_selected:lavapipe gles_mode_selected:swangle
INFO         | Checking system compatibility:
INFO         |   Checking: hasSufficientDiskSpace
INFO         |      Ok: Disk space requirements to run avd: `openyamm_api35` are met
INFO         |   Checking: hasSufficientHwGpu
INFO         |      Ok: Hardware GPU compatibility checks are not required
INFO         |   Checking: hasSufficientSystem
INFO         |      Ok: System requirements to run avd: `openyamm_api35` are met
FATAL        | A snapshot operation for 'openyamm_api35' is pending and timeout has expired. Exiting...
